// Jest Snapshot v1, https://goo.gl/fbAQLP

exports[`matches snapshot 1`] = `
<div
  className="px-5 d-flex justify-content-between gap-5"
>
  <div
    className="w-100"
  >
    <h3
      className="font-bold py-2"
    >
      My Missions
    </h3>
    <p
      className="fs-2"
    >
      You have no reserved rockets
    </p>
    <div
      className="my-2 list-group"
      onKeyDown={[Function]}
    />
  </div>
  <div
    className="w-100"
  >
    <h3
      className="font-bold py-2"
    >
      My Rockets
    </h3>
    <p
      className="fs-2"
    >
      You have no reserved rockets
    </p>
    <div
      className="my-2 list-group"
      onKeyDown={[Function]}
    />
  </div>
</div>
`;
