// Jest Snapshot v1, https://goo.gl/fbAQLP

exports[`matches snapshot 1`] = `
<div
  className="my-2 px-5 list-group"
  onKeyDown={[Function]}
/>
`;
